// Jest Snapshot v1, https://goo.gl/fbAQLP

exports[`renders correctly 1`] = `
<div
  className="min-h-screen flex flex-col bg-slate-800 text-white p-8 transition-all"
>
  <div
    className="mx-auto flex flex-col"
  >
    <h1
      className="text-lg lg:text-5xl font-bold"
    >
      IS ANYONE LIVE?
    </h1>
    <h2
      className="m-auto"
    >
      made by 
      <a
        className="text-blue-200 hover:text-blue-300 transition-all"
        href="https://twitter.com/captinturt1e"
        target="_blank"
      >
        captinturtle
      </a>
    </h2>
  </div>
  <div
    className="flex mx-auto gap-4 my-4"
  >
    <button
      className="x-auto p-2 text-white bg-blue-500 hover:bg-blue-600 transition-all rounded my-2"
      onClick={[Function]}
    >
      Edit
    </button>
    <button
      className="x-auto p-2 text-white bg-blue-500 hover:bg-blue-600 transition-all rounded my-2"
      onClick={[Function]}
    >
      <svg
        className="text-2xl"
        fill="currentColor"
        height="1em"
        stroke="currentColor"
        strokeWidth="0"
        style={
          Object {
            "color": undefined,
          }
        }
        viewBox="0 0 24 24"
        width="1em"
        xmlns="http://www.w3.org/2000/svg"
      >
        <path
          d="M10 11H7.101l.001-.009a4.956 4.956 0 0 1 .752-1.787 5.054 5.054 0 0 1 2.2-1.811c.302-.128.617-.226.938-.291a5.078 5.078 0 0 1 2.018 0 4.978 4.978 0 0 1 2.525 1.361l1.416-1.412a7.036 7.036 0 0 0-2.224-1.501 6.921 6.921 0 0 0-1.315-.408 7.079 7.079 0 0 0-2.819 0 6.94 6.94 0 0 0-1.316.409 7.04 7.04 0 0 0-3.08 2.534 6.978 6.978 0 0 0-1.054 2.505c-.028.135-.043.273-.063.41H2l4 4 4-4zm4 2h2.899l-.001.008a4.976 4.976 0 0 1-2.103 3.138 4.943 4.943 0 0 1-1.787.752 5.073 5.073 0 0 1-2.017 0 4.956 4.956 0 0 1-1.787-.752 5.072 5.072 0 0 1-.74-.61L7.05 16.95a7.032 7.032 0 0 0 2.225 1.5c.424.18.867.317 1.315.408a7.07 7.07 0 0 0 2.818 0 7.031 7.031 0 0 0 4.395-2.945 6.974 6.974 0 0 0 1.053-2.503c.027-.135.043-.273.063-.41H22l-4-4-4 4z"
        />
      </svg>
    </button>
    <button
      className="x-auto p-2 text-white bg-blue-500 hover:bg-blue-600 transition-all rounded my-2"
      onClick={[Function]}
    >
      Help
    </button>
  </div>
  <div
    className="gap-8 flex"
  >
    <div
      className="grid w-screen xl:px-[10vw] grid-cols-1 lg:grid-cols-3 gap-4"
    />
  </div>
  <div
    className="flex mx-auto gap-8"
  >
    <div>
      <h2
        className="mx-auto font-bold mt-5"
      >
        Display Offline
      </h2>
      <div
        className="w-12 h-6 bg-blue-500 flex mx-auto mt-2 rounded-full cursor-pointer"
        onClick={[Function]}
      >
        <div
          className="flex-grow transition-all"
        />
        <div
          className="bg-white transition-all rounded-full w-6 h-6"
        />
      </div>
    </div>
    <div>
      <h2
        className="mx-auto font-bold mt-5"
      >
        Display Previews
      </h2>
      <div
        className="w-12 h-6 bg-blue-500 flex mx-auto mt-2 rounded-full cursor-pointer"
        onClick={[Function]}
      >
        <div
          className="flex-grow transition-all"
        />
        <div
          className="bg-white transition-all rounded-full w-6 h-6"
        />
      </div>
    </div>
    <div>
      <h2
        className="mx-auto font-bold mt-5"
      >
        Dark mode
      </h2>
      <div
        className="w-12 h-6 bg-blue-500 flex mx-auto mt-2 rounded-full cursor-pointer"
        onClick={[Function]}
      >
        <div
          className="flex-grow transition-all"
        />
        <div
          className="bg-white transition-all rounded-full w-6 h-6"
        />
      </div>
    </div>
  </div>
  <div />
  <div />
</div>
`;
